GitHubメモ

2016/06/16
基本はコマンドツール
Git for Windowsはよくわからん

以下，GitShell使用
手元がローカルリポジトリ，ネット上がリモートリポジトリ
ローカルの実態は//users/yamauchi/Documents/GitHub/
ふつうにcdコマンドでディレクトリを移動(test)
そのディレクトリに管理したいファイルを入れておくだけではだめ．まずgit add ファイル名でインデックスに追加し，git commit [-am "コメント"]でローカルリポジトリに書き込み，これをgit push (origin master)でリモートリポジトリに送る．
逆にリモートリポジトリを取り込みたい場合はgit pull (origin master)
git statusで状態表示

＜今日の一連の操作＞

C:\Users\yamauchi\Documents\GitHub\test [master]> git remote add origin https://github.com/yasyamauchi/hello-world
C:\Users\yamauchi\Documents\GitHub\test [master +1 ~0 -0 ~]> git status
On branch master
Changes to be committed:
  (use "git reset HEAD <file>..." to unstage)

        new file:   Endo1.avi

C:\Users\yamauchi\Documents\GitHub\test [master]> git status
On branch master
Untracked files:
  (use "git add <file>..." to include in what will be committed)

        Endo1.avi

C:\Users\yamauchi\Documents\GitHub\test [master]> git pull origin master
warning: no common commits
remote: Counting objects: 7, done.
remote: Compressing objects: 100% (4/4), done.
remote: Total 7 (delta 1), reused 0 (delta 0), pack-reused 0
Unpacking objects: 100% (7/7), done.
From https://github.com/yasyamauchi/hello-world
 * branch            master     -> FETCH_HEAD
 * [new branch]      master     -> origin/master
Merge made by the 'recursive' strategy.
 README.md | 3 +++
 1 file changed, 3 insertions(+)
 create mode 100644 README.md
nothing added to commit but untracked files present (use "git add" to track)
C:\Users\yamauchi\Documents\GitHub\test [master +1 ~0 -0 !]> git add Endo1.avi
C:\Users\yamauchi\Documents\GitHub\test [master +1 ~0 -0 ~]> git commit -am "AVI file test"
[master c41d1ef] AVI file test
 1 file changed, 0 insertions(+), 0 deletions(-)
 create mode 100644 Endo1.avi
C:\Users\yamauchi\Documents\GitHub\test [master]> git status
On branch master
nothing to commit, working directory clean
C:\Users\yamauchi\Documents\GitHub\test [master]> git push origin master
Counting objects: 3, done.
Delta compression using up to 8 threads.
Compressing objects: 100% (3/3), done.
Writing objects: 100% (3/3), 32.53 MiB | 3.30 MiB/s, done.
Total 3 (delta 1), reused 0 (delta 0)
To https://github.com/yasyamauchi/hello-world
   881ed23..c41d1ef  master -> master
C:\Users\yamauchi\Documents\GitHub\test [master]>

※なお日本語ファイル名が化けたので以下の操作をおこなった
git config --global core.quotepath false